main.c:116:13:My_TIM2_Init	40	static
main.c:153:13:My_TIM4_Init	40	static
main.c:211:6:output_number	40	dynamic
main.c:223:6:output_RLC	72	dynamic
main.c:235:5:get_best_resistor	32	static
main.c:275:28:make_voltage_measurement	152	static
main.c:349:6:select_resistor	16	static
main.c:383:8:get_resistor	16	static
main.c:405:6:select_measurement_mode	16	static
main.c:421:6:sync_sample_blocking	32	static
main.c:449:6:HAL_ADC_ConvCpltCallback	16	static
main.c:490:25:calculate_LCseries	56	static
main.c:508:25:calculate_LCparallel	56	static
main.c:526:12:calculate_LC	96	static
main.c:545:12:measure_DUT_impedance	144	static
main.c:594:5:main	104	static
main.c:728:6:SystemClock_Config	88	static
main.c:774:13:MX_ADC1_Init	24	static
main.c:824:13:MX_DAC_Init	16	static
main.c:862:13:MX_TIM2_Init	32	static
main.c:907:13:MX_TIM4_Init	32	static
main.c:952:13:MX_USART2_UART_Init	8	static
main.c:983:13:MX_DMA_Init	16	static
main.c:1005:13:MX_GPIO_Init	40	static
main.c:1057:6:Error_Handler	4	static,ignoring_inline_asm
