main1k10k.c:115:13:My_TIM2_Init	40	static
main1k10k.c:152:13:My_TIM4_Init	40	static
main1k10k.c:210:6:output_number	40	dynamic
main1k10k.c:222:6:output_RLC	72	dynamic
main1k10k.c:234:5:get_best_resistor	32	static
main1k10k.c:276:28:make_voltage_measurement	152	static
main1k10k.c:341:6:select_resistor	16	static
main1k10k.c:375:8:get_resistor	16	static
main1k10k.c:397:6:select_measurement_mode	16	static
main1k10k.c:413:6:sync_sample_blocking	32	static
main1k10k.c:441:6:HAL_ADC_ConvCpltCallback	16	static
main1k10k.c:481:25:calculate_LCseries	56	static
main1k10k.c:498:25:calculate_LCparallel	56	static
main1k10k.c:515:12:calculate_LC	96	static
main1k10k.c:534:12:measure_DUT_impedance	136	static
main1k10k.c:582:5:main	88	static
main1k10k.c:704:6:SystemClock_Config	88	static
main1k10k.c:750:13:MX_ADC1_Init	24	static
main1k10k.c:800:13:MX_DAC_Init	16	static
main1k10k.c:838:13:MX_TIM2_Init	32	static
main1k10k.c:883:13:MX_TIM4_Init	32	static
main1k10k.c:928:13:MX_USART2_UART_Init	8	static
main1k10k.c:959:13:MX_DMA_Init	16	static
main1k10k.c:981:13:MX_GPIO_Init	40	static
main1k10k.c:1033:6:Error_Handler	4	static,ignoring_inline_asm
