mainFinal1.c:116:13:My_TIM2_Init	40	static
mainFinal1.c:153:13:My_TIM4_Init	40	static
mainFinal1.c:211:6:output_number	40	dynamic
mainFinal1.c:223:6:output_RLC	72	dynamic
mainFinal1.c:235:5:get_best_resistor	32	static
mainFinal1.c:275:28:make_voltage_measurement	152	static
mainFinal1.c:349:6:select_resistor	16	static
mainFinal1.c:383:8:get_resistor	16	static
mainFinal1.c:405:6:select_measurement_mode	16	static
mainFinal1.c:421:6:sync_sample_blocking	32	static
mainFinal1.c:449:6:HAL_ADC_ConvCpltCallback	16	static
mainFinal1.c:490:25:calculate_LCseries	56	static
mainFinal1.c:508:25:calculate_LCparallel	56	static
mainFinal1.c:526:12:calculate_LC	96	static
mainFinal1.c:545:12:measure_DUT_impedance	144	static
mainFinal1.c:594:5:main	96	static
mainFinal1.c:726:6:SystemClock_Config	88	static
mainFinal1.c:772:13:MX_ADC1_Init	24	static
mainFinal1.c:822:13:MX_DAC_Init	16	static
mainFinal1.c:860:13:MX_TIM2_Init	32	static
mainFinal1.c:905:13:MX_TIM4_Init	32	static
mainFinal1.c:950:13:MX_USART2_UART_Init	8	static
mainFinal1.c:981:13:MX_DMA_Init	16	static
mainFinal1.c:1003:13:MX_GPIO_Init	40	static
mainFinal1.c:1055:6:Error_Handler	4	static,ignoring_inline_asm
